// Jest Snapshot v1, https://goo.gl/fbAQLP

exports[`House List Component Should Render House list Component 1`] = `
<div
  class="house-list"
/>
`;
